Minimization output, vels
-------------------------
Input files:
EXAMPLE/VELS/FITS/velsf_warp.inp
EXAMPLE/VELS/FITS/vels.fits   pixscale  1.00 arcsec/pix


FITS region:       x-low:      1   y-low:      1 x-range:    255 y-range:    255
FITS sampling:    regrad:  12.00   regpa:  45.00  regeps:   0.45 istpout:      6

Output model and (data-model) residuals files:
EXAMPLE/VELS/FITS/OUT/warp.mod
EXAMPLE/VELS/FITS/OUT/warp.res

Disk toggles:         PA: T     eps: T  center: T non-axi: F    phib: F
vels toggles:    interp0: T  radial: F    Vsys: T    warp: T      rw: T    welm: T   wphim: T

Input values
------------
disk PA, phi_d^prime (deg):           45.00
disk eps:                              0.45
x,y center (data units):             130.50  126.50


Vsys (km/s):                         110.00
Delta_ISM (km/s):                      1.00

r_w (data units):                     90.00
Warp eps welm:                         0.00
Warp PA wphim:                         0.00

No seeing correction applied
No model component smoothing applied
Uncertainties estimated via bootstrap:  seed:      -50  nunc:        5  junc:   -1.00



Best fitting values
-------------------
disk PA, phi_d^prime (deg):           32.93 +/-  2.35
disk eps:                              0.52 +/-  0.02
disk incl (deg):                      61.40 +/-  1.62
x,y center (data units):             128.50 +/-  0.12,  128.54 +/-  0.17

Vsys (km/s):                         100.01 +/-  0.24
r_w (data units):                      9.00 +/- 26.52
Warp eps welm:                        -2.39 +/-  1.74
Warp PA wphim:                        10.25 +/-  4.19






Minimization Details
---------------------
# points Dn used in fit:               1224
# iterations in minimization:            12
Minimum chi^2 found:              25.192669
Degrees of freedom in fit:             1191

Fitted velocity components                  (radii in data units, velocities in km/s):
       r        npts          Vt         eVt          Vr         eVr        Vm,t       eVm,t        Vm,r       eVm,r
--------------------------------------------------------------------------------------------------------------------
      3.00     54.32       62.83        5.47        0.00        0.00        0.00        0.00        0.00        0.00
      9.00    128.30      117.65        6.40        0.00        0.00        0.00        0.00        0.00        0.00
     15.00     65.86      131.71        6.24        0.00        0.00        0.00        0.00        0.00        0.00
     21.00     13.74      143.44        7.37        0.00        0.00        0.00        0.00        0.00        0.00
     27.00     13.05      144.80        1.59        0.00        0.00        0.00        0.00        0.00        0.00
     33.00     16.32      150.19        7.20        0.00        0.00        0.00        0.00        0.00        0.00
     39.00     20.45      152.62        3.75        0.00        0.00        0.00        0.00        0.00        0.00
     45.00     22.76      154.38        1.48        0.00        0.00        0.00        0.00        0.00        0.00
     51.00     25.65      155.18        0.39        0.00        0.00        0.00        0.00        0.00        0.00
     57.00     28.98      161.96        4.84        0.00        0.00        0.00        0.00        0.00        0.00
     63.00     33.62      163.84        6.01        0.00        0.00        0.00        0.00        0.00        0.00
     69.00     35.12      173.30        7.77        0.00        0.00        0.00        0.00        0.00        0.00
     75.00     38.84      178.32        6.87        0.00        0.00        0.00        0.00        0.00        0.00
     81.00     43.01      183.56        6.89        0.00        0.00        0.00        0.00        0.00        0.00
     87.00     46.98      190.04        4.59        0.00        0.00        0.00        0.00        0.00        0.00
     93.00     48.64      189.50        3.67        0.00        0.00        0.00        0.00        0.00        0.00
     99.00     53.20      191.30        0.81        0.00        0.00        0.00        0.00        0.00        0.00
    105.00     58.67      192.74        3.61        0.00        0.00        0.00        0.00        0.00        0.00
    111.00     60.81      192.23        3.71        0.00        0.00        0.00        0.00        0.00        0.00
    117.00     64.57      193.35        3.25        0.00        0.00        0.00        0.00        0.00        0.00
    123.00     68.83      192.74        2.09        0.00        0.00        0.00        0.00        0.00        0.00
    129.00     75.09      193.85        1.77        0.00        0.00        0.00        0.00        0.00        0.00
    135.00     77.34      192.88        2.15        0.00        0.00        0.00        0.00        0.00        0.00
    141.00     71.92      194.10        2.52        0.00        0.00        0.00        0.00        0.00        0.00
    147.00     53.46      201.23        3.25        0.00        0.00        0.00        0.00        0.00        0.00
