Minimization output, phot
-------------------------
Input files:
EXAMPLE/PHOT/phot_err.inp
EXAMPLE/PHOT/phot.fits  pixscale  0.50 arcsec/pix
sky:  800.00  skysig:   14.14    gain:    4.00

FITS region:       x-low:      1   y-low:      1 x-range:    256 y-range:    256
FITS sampling:    regrad:  10.00   regpa:  35.00  regeps:   0.40 istpout:      2

Output model and (data-model) residuals files:
EXAMPLE/PHOT/OUT/err.mod
EXAMPLE/PHOT/OUT/err.res

Disk toggles:         PA: T     eps: T  center: T non-axi: T    phib: T
phot toggles:     lbulge: T    lr_e: T  lsersn: T blg eps: T bar eps: T

Input values
------------
disk PA, phi_d^prime (deg):           35.00
disk eps:                              0.40
x,y center (data units):             130.00  130.00
Bar PA (deg):                          5.00
Bar eps:                               0.50
Bulge r_e (pixels):                   10.00
Sersic n:                              2.00
Bulge eps:                             0.20




Seeing correction applied. FWHM (data units):      2.00
No model component smoothing applied
Uncertainties estimated via bootstrap:  seed:      -50  nunc:        5  junc:   -1.00
Non-axisymmetries fixed to 0 outside range:    5.00   40.00


Best fitting values
-------------------
disk PA, phi_d^prime (deg):           39.98 +/-  0.56
disk eps:                              0.29 +/-  0.00
disk incl (deg):                      44.99 +/-  0.39
x,y center (data units):             129.99 +/-  0.00,  130.00 +/-  0.01
Non-axisymm phib (sky plane, deg):    10.05 +/-  0.28, -129.15
Bar eps:                               0.59 +/-  0.00
Bulge r_e (pixels):                    8.35 +/-  1.42
Bulge I_0 (ADU):                     365.15 +/-    26.25
Sersic n:                              1.67 +/-  0.05
Bulge eps:                             0.17 +/-  0.02

Disk light fraction (%):              79.95 +/-  2.80
Bar light fraction (%):                9.84 +/-  0.40
Bulge light fraction (%):             10.21 +/-  2.75

Minimization Details
---------------------
# points Dn used in fit:               7495
# iterations in minimization:             8
Minimum chi^2 found:               0.963589
Degrees of freedom in fit:             7458

Fitted intensities                                         (radii in pixels, intensities in ADU):
       r        npts       Idisk      eIdisk        Ibar       eIbar     Ibulge      eIbulge
---------------------------------------------------------------------------------------------
      5.00    125.66      648.51      128.99      190.58       20.12      809.28      191.47
     10.00     99.62      634.22       68.95      173.98       12.85      258.82       90.25
     15.00     83.31      528.17       42.88      198.76       10.74      102.93       45.37
     20.00    111.42      442.70       25.35      207.67        6.65       46.06       24.03
     25.00    138.85      365.75       15.24      181.34       10.72       22.27       13.26
     30.00    167.81      297.14       10.25      247.87        0.82       11.40        7.56
     35.00    194.97      251.13        6.01       65.16        7.45        6.09        4.43
     40.00    222.14      200.74        3.23        0.00        1.96        3.37        2.66
     45.00    250.15      166.12        3.37        0.00        0.00        1.92        1.63
     50.00    277.37      134.53        0.65        0.00        0.00        1.12        1.01
     55.00    306.20      111.57        2.09        0.00        0.00        0.67        0.64
     60.00    333.80       89.43        1.61        0.00        0.00        0.41        0.41
     65.00    360.51       74.48        1.93        0.00        0.00        0.25        0.27
     70.00    388.49       60.16        1.99        0.00        0.00        0.16        0.17
     75.00    415.94       49.51        1.92        0.00        0.00        0.10        0.12
     80.00    680.90       38.74        0.55        0.00        0.00        0.06        0.08
     90.00    999.46       29.25        0.19        0.00        0.00        0.03        0.04
    100.00   1103.94        7.84        0.85        0.00        0.00        0.01        0.02
    110.00   1234.45        0.67        0.85        0.00        0.00        0.01        0.01
