Minimization output, vels
-------------------------
Input files:
EXAMPLE/VELS/FITS/velsf_err.inp
EXAMPLE/VELS/FITS/vels.fits   pixscale  1.00 arcsec/pix


FITS region:       x-low:      1   y-low:      1 x-range:    255 y-range:    255
FITS sampling:    regrad:  12.00   regpa:  45.00  regeps:   0.45 istpout:      6

Output model and (data-model) residuals files:
EXAMPLE/VELS/FITS/OUT/err.mod
EXAMPLE/VELS/FITS/OUT/err.res

Disk toggles:         PA: T     eps: T  center: T non-axi: T    phib: T
vels toggles:    interp0: T  radial: F    Vsys: T    warp: F      rw: F    welm: F   wphim: F

Input values
------------
disk PA, phi_d^prime (deg):           45.00
disk eps:                              0.45
x,y center (data units):             130.50  126.50
Non-axisymm phib (deg):               45.00
Harmonic order m:                      2
Vsys (km/s):                         110.00
Delta_ISM (km/s):                      2.80





No seeing correction applied
No model component smoothing applied
Uncertainties estimated via bootstrap:  seed:      -50  nunc:        5  junc:   -1.00
Non-axisymmetries fixed to 0 outside range:    3.00  111.00


Best fitting values
-------------------
disk PA, phi_d^prime (deg):           40.06 +/-  0.05
disk eps:                              0.50 +/-  0.00
disk incl (deg):                      60.18 +/-  0.03
x,y center (data units):             128.57 +/-  0.05,  128.58 +/-  0.01
Non-axisymm phib (disk plane, deg):   108.42 +/-  3.02,  -16.14,   49.46
Vsys (km/s):                         100.01 +/-  0.00









Minimization Details
---------------------
# points Dn used in fit:               1224
# iterations in minimization:             5
Minimum chi^2 found:               1.045524
Degrees of freedom in fit:             1155

Fitted velocity components                  (radii in data units, velocities in km/s):
       r        npts          Vt         eVt          Vr         eVr        Vm,t       eVm,t        Vm,r       eVm,r
--------------------------------------------------------------------------------------------------------------------
      3.00     56.28       69.65        2.09        0.00        0.00       -8.61        2.64       -7.41        1.17
      9.00    134.86      132.91        2.00        0.00        0.00      -24.34        2.85      -18.76        3.73
     15.00     60.08      158.38        5.92        0.00        0.00      -35.86        4.00      -31.23        4.65
     21.00     11.62      169.94        5.53        0.00        0.00      -42.12        4.04      -32.00        5.17
     27.00     13.79      171.73        9.57        0.00        0.00      -33.27        8.45      -37.07        9.95
     33.00     16.40      181.61        8.46        0.00        0.00      -48.01        7.95      -42.33        2.20
     39.00     21.65      188.52        9.38        0.00        0.00      -46.83        8.08      -47.27        6.64
     45.00     22.87      183.72        9.58        0.00        0.00      -43.29        9.07      -40.88        5.88
     51.00     26.15      189.78        3.62        0.00        0.00      -47.38        2.74      -41.90        7.35
     57.00     29.91      192.03        9.45        0.00        0.00      -43.03        7.00      -38.43        3.26
     63.00     33.62      190.00        5.86        0.00        0.00      -31.71        2.55      -24.71        5.04
     69.00     34.91      192.19        6.91        0.00        0.00      -20.21        3.18      -22.43        6.63
     75.00     38.79      189.01        0.07        0.00        0.00       -9.75        1.75      -10.58        1.19
     81.00     43.59      189.80        1.57        0.00        0.00       -2.93        1.89       -7.75        2.05
     87.00     44.63      194.18        0.76        0.00        0.00       -4.37        2.32       -6.98        0.50
     93.00     47.45      194.32        0.55        0.00        0.00       -3.53        0.50       -5.74        2.00
     99.00     53.03      190.11        0.31        0.00        0.00        0.14        1.68        1.16        1.49
    105.00     54.28      193.58        0.79        0.00        0.00       -3.23        1.22       -0.20        1.49
    111.00     57.61      192.64        0.92        0.00        0.00       -0.21        1.30       -0.77        1.20
    117.00     60.19      192.47        0.74        0.00        0.00        0.00        0.00        0.00        0.00
    123.00     65.76      192.75        0.79        0.00        0.00        0.00        0.00        0.00        0.00
    129.00     66.17      193.45        0.57        0.00        0.00        0.00        0.00        0.00        0.00
    135.00     69.60      193.09        0.18        0.00        0.00        0.00        0.00        0.00        0.00
    141.00     74.52      194.53        0.02        0.00        0.00        0.00        0.00        0.00        0.00
    147.00     81.61      194.58        0.06        0.00        0.00        0.00        0.00        0.00        0.00
